â•”â•â•â•â•â•â•â•â•â•â•â•â•â•â•â•â•â•â•â•â•â•â•â•â•â•â•â•â•â•â•â•â•â•â•â•â•â•â•â•â•â•â•â•â•â•â•â•â•â•â•â•â•â•â•â•â•â•â•â•â•â•â•â•—
â•‘                                                              â•‘
â•‘          âœ… SERVIDOR WEB FUNCIONANDO CORRECTAMENTE          â•‘
â•‘                                                              â•‘
â•šâ•â•â•â•â•â•â•â•â•â•â•â•â•â•â•â•â•â•â•â•â•â•â•â•â•â•â•â•â•â•â•â•â•â•â•â•â•â•â•â•â•â•â•â•â•â•â•â•â•â•â•â•â•â•â•â•â•â•â•â•â•â•â•

ğŸŒ ACCEDER A LA APLICACIÃ“N:
â”â”â”â”â”â”â”â”â”â”â”â”â”â”â”â”â”â”â”â”â”â”â”â”â”â”â”â”â”â”â”â”â”â”â”â”â”â”â”â”â”â”â”â”â”â”â”â”â”â”â”â”â”â”â”â”â”â”â”â”

âœ… OPCIÃ“N 1 (Recomendada):
   http://localhost:8000

âœ… OPCIÃ“N 2:
   http://127.0.0.1:8000

âœ… OPCIÃ“N 3 (Desde otra mÃ¡quina en la red):
   http://IP_DE_TU_PC:8000
   (Reemplaza IP_DE_TU_PC con tu IP local)

â”â”â”â”â”â”â”â”â”â”â”â”â”â”â”â”â”â”â”â”â”â”â”â”â”â”â”â”â”â”â”â”â”â”â”â”â”â”â”â”â”â”â”â”â”â”â”â”â”â”â”â”â”â”â”â”â”â”â”â”

ğŸš€ INICIAR SERVIDOR:
â”â”â”â”â”â”â”â”â”â”â”â”â”â”â”â”â”â”â”â”â”â”â”â”â”â”â”â”â”â”â”â”â”â”â”â”â”â”â”â”â”â”â”â”â”â”â”â”â”â”â”â”â”â”â”â”â”â”â”â”

OpciÃ³n A - Script de inicio:
$ ./start_web.sh

OpciÃ³n B - Comando directo:
$ python app.py

OpciÃ³n C - En background:
$ python app.py > server.log 2>&1 &

â”â”â”â”â”â”â”â”â”â”â”â”â”â”â”â”â”â”â”â”â”â”â”â”â”â”â”â”â”â”â”â”â”â”â”â”â”â”â”â”â”â”â”â”â”â”â”â”â”â”â”â”â”â”â”â”â”â”â”â”

ğŸ›‘ DETENER SERVIDOR:
â”â”â”â”â”â”â”â”â”â”â”â”â”â”â”â”â”â”â”â”â”â”â”â”â”â”â”â”â”â”â”â”â”â”â”â”â”â”â”â”â”â”â”â”â”â”â”â”â”â”â”â”â”â”â”â”â”â”â”â”

Si iniciaste con python app.py:
$ Ctrl + C

Si estÃ¡ en background:
$ pkill -f "python app.py"

O matar por puerto:
$ lsof -ti:8000 | xargs kill -9

â”â”â”â”â”â”â”â”â”â”â”â”â”â”â”â”â”â”â”â”â”â”â”â”â”â”â”â”â”â”â”â”â”â”â”â”â”â”â”â”â”â”â”â”â”â”â”â”â”â”â”â”â”â”â”â”â”â”â”â”

ğŸ” VERIFICAR QUE ESTÃ CORRIENDO:
â”â”â”â”â”â”â”â”â”â”â”â”â”â”â”â”â”â”â”â”â”â”â”â”â”â”â”â”â”â”â”â”â”â”â”â”â”â”â”â”â”â”â”â”â”â”â”â”â”â”â”â”â”â”â”â”â”â”â”â”

$ curl -s http://localhost:8000/ | head -5

DeberÃ­as ver:
<!DOCTYPE html>
<html lang="es">
...

O revisar puertos abiertos:
$ lsof -i:8000

â”â”â”â”â”â”â”â”â”â”â”â”â”â”â”â”â”â”â”â”â”â”â”â”â”â”â”â”â”â”â”â”â”â”â”â”â”â”â”â”â”â”â”â”â”â”â”â”â”â”â”â”â”â”â”â”â”â”â”â”

ğŸ¯ USO DE LA APLICACIÃ“N:
â”â”â”â”â”â”â”â”â”â”â”â”â”â”â”â”â”â”â”â”â”â”â”â”â”â”â”â”â”â”â”â”â”â”â”â”â”â”â”â”â”â”â”â”â”â”â”â”â”â”â”â”â”â”â”â”â”â”â”â”

1. Abre http://localhost:8000 en tu navegador

2. VerÃ¡s la interfaz con:
   - BotÃ³n para subir video
   - Barra de progreso
   - GrÃ¡ficos de estadÃ­sticas

3. Haz clic en "Seleccionar archivo"
   - Formatos: .mp4, .avi, .mov, etc.

4. Haz clic en "Subir y Analizar"
   - El anÃ¡lisis comenzarÃ¡ automÃ¡ticamente
   - VerÃ¡s progreso en tiempo real

5. Espera a que termine
   - Se mostrarÃ¡n grÃ¡ficos interactivos:
     * PosesiÃ³n por equipo (circular)
     * Pases completados (barras)
     * Timeline de posesiÃ³n
     * EstadÃ­sticas detalladas

â”â”â”â”â”â”â”â”â”â”â”â”â”â”â”â”â”â”â”â”â”â”â”â”â”â”â”â”â”â”â”â”â”â”â”â”â”â”â”â”â”â”â”â”â”â”â”â”â”â”â”â”â”â”â”â”â”â”â”â”

ğŸ› SOLUCIÃ“N DE PROBLEMAS:
â”â”â”â”â”â”â”â”â”â”â”â”â”â”â”â”â”â”â”â”â”â”â”â”â”â”â”â”â”â”â”â”â”â”â”â”â”â”â”â”â”â”â”â”â”â”â”â”â”â”â”â”â”â”â”â”â”â”â”â”

âŒ PROBLEMA: PÃ¡gina en blanco
âœ… SOLUCIÃ“N:
   1. Verifica que el servidor estÃ© corriendo:
      $ lsof -i:8000
   
   2. Abre la consola del navegador (F12)
      - Ve a "Console" y busca errores
      - Ve a "Network" y verifica que carguen:
        * /static/style.css (200 OK)
        * /static/app.js (200 OK)
   
   3. Prueba con otro navegador
      - Chrome
      - Firefox
      - Edge

âŒ PROBLEMA: "Connection refused"
âœ… SOLUCIÃ“N:
   1. Verifica que el servidor estÃ© corriendo
   2. Usa http://localhost:8000 (no https)
   3. Verifica firewall
   4. Prueba con 127.0.0.1:8000

âŒ PROBLEMA: Error al subir video
âœ… SOLUCIÃ“N:
   1. Verifica que existe weights/best.pt
   2. Comprueba formato de video (preferible .mp4)
   3. Revisa logs del servidor en terminal
   4. Verifica espacio en disco

âŒ PROBLEMA: WebSocket no conecta
âœ… SOLUCIÃ“N:
   1. Verifica en consola del navegador (F12 â†’ Network â†’ WS)
   2. Recarga la pÃ¡gina (Ctrl + F5)
   3. Reinicia el servidor

â”â”â”â”â”â”â”â”â”â”â”â”â”â”â”â”â”â”â”â”â”â”â”â”â”â”â”â”â”â”â”â”â”â”â”â”â”â”â”â”â”â”â”â”â”â”â”â”â”â”â”â”â”â”â”â”â”â”â”â”

ğŸ“Š ARCHIVOS DE LA APLICACIÃ“N:
â”â”â”â”â”â”â”â”â”â”â”â”â”â”â”â”â”â”â”â”â”â”â”â”â”â”â”â”â”â”â”â”â”â”â”â”â”â”â”â”â”â”â”â”â”â”â”â”â”â”â”â”â”â”â”â”â”â”â”â”

Backend:
  app.py                  - Servidor FastAPI
  requirements_web.txt    - Dependencias

Frontend:
  templates/index.html    - Interfaz HTML
  static/app.js          - JavaScript + WebSocket
  static/style.css       - Estilos CSS

Directorios:
  uploads/               - Videos subidos
  outputs/               - Resultados procesados

â”â”â”â”â”â”â”â”â”â”â”â”â”â”â”â”â”â”â”â”â”â”â”â”â”â”â”â”â”â”â”â”â”â”â”â”â”â”â”â”â”â”â”â”â”â”â”â”â”â”â”â”â”â”â”â”â”â”â”â”

ğŸ¨ CARACTERÃSTICAS:
â”â”â”â”â”â”â”â”â”â”â”â”â”â”â”â”â”â”â”â”â”â”â”â”â”â”â”â”â”â”â”â”â”â”â”â”â”â”â”â”â”â”â”â”â”â”â”â”â”â”â”â”â”â”â”â”â”â”â”â”

âœ… Subida de videos drag & drop
âœ… AnÃ¡lisis en tiempo real
âœ… Barra de progreso animada
âœ… WebSocket para actualizaciones instantÃ¡neas
âœ… 4 GrÃ¡ficos interactivos (Chart.js)
âœ… DiseÃ±o responsive (Bootstrap 5)
âœ… EstadÃ­sticas completas:
   - PosesiÃ³n por equipo (%)
   - Tiempo de posesiÃ³n
   - Pases completados
   - Timeline del partido

â”â”â”â”â”â”â”â”â”â”â”â”â”â”â”â”â”â”â”â”â”â”â”â”â”â”â”â”â”â”â”â”â”â”â”â”â”â”â”â”â”â”â”â”â”â”â”â”â”â”â”â”â”â”â”â”â”â”â”â”

âœ¨ El servidor estÃ¡ listo y funcionando correctamente âœ¨

Abre http://localhost:8000 y empieza a analizar ğŸš€

â”â”â”â”â”â”â”â”â”â”â”â”â”â”â”â”â”â”â”â”â”â”â”â”â”â”â”â”â”â”â”â”â”â”â”â”â”â”â”â”â”â”â”â”â”â”â”â”â”â”â”â”â”â”â”â”â”â”â”â”
